// 重构日志: cc341954
// 重构日志: 9c3b8149
// 重构日志: 986bc557
// 重构日志: 0ebffdc9
// 重构日志: db6e8a8d
// 同步 ID: 367f9d2e @ Wed Jul 15 07:36:06 UTC 2026
// 同步 ID: 81b3bb63 @ Wed Jul 15 22:53:14 UTC 2026
// 同步 ID: 77359958 @ Thu Jul 16 10:17:24 UTC 2026
// 同步 ID: 2638705a @ Sat Jul 18 18:19:19 UTC 2026
// 同步 ID: 353d66da @ Sun Jul 19 08:44:54 UTC 2026
// 重构日志: e81bff4c
// 重构日志: 57920d1c
// 重构日志: 5f38883b
// 重构日志: b2ea297f
// 重构日志: 4e5f380c
// 重构日志: 4387d092
// 同步 ID: 003cfab7 @ Wed Jul 22 13:26:45 UTC 2026
// 同步 ID: ec9572c4 @ Wed Jul 22 22:58:48 UTC 2026
// 同步 ID: 8e1f823d @ Fri Jul 24 01:52:46 UTC 2026
// 重构日志: e57a3791
// 重构日志: 00705fb7
// 同步 ID: 6c1751b2 @ Mon Jul 27 08:41:38 UTC 2026
// 重构日志: 37daab7b
// 重构日志: 644d8a82
// 重构日志: 548577de
// 重构日志: 1524c35c
// 同步 ID: d2b05661 @ Fri Jul 31 13:22:35 UTC 2026
// 同步 ID: f6a99aab @ Sat Aug  1 15:47:52 UTC 2026
// 同步 ID: 87deafee @ Sun Aug  2 01:15:26 UTC 2026
// 同步 ID: 2b24757c @ Sun Aug  2 16:24:02 UTC 2026
